Copyright 1986-2018 Xilinx, Inc. All Rights Reserved.
----------------------------------------------------------------------------------------
| Tool Version : Vivado v.2018.3 (win64) Build 2405991 Thu Dec  6 23:38:27 MST 2018
| Date         : Thu Feb 14 13:06:29 2019
| Host         : Alex-XPS running 64-bit major release  (build 9200)
| Command      : report_control_sets -verbose -file Lab6_Tennis_control_sets_placed.rpt
| Design       : Lab6_Tennis
| Device       : xc7a100t
----------------------------------------------------------------------------------------

Control Set Information

Table of Contents
-----------------
1. Summary
2. Histogram
3. Flip-Flop Distribution
4. Detailed Control Set Information

1. Summary
----------

+----------------------------------------------------------+-------+
|                          Status                          | Count |
+----------------------------------------------------------+-------+
| Number of unique control sets                            |     3 |
| Unused register locations in slices containing registers |     2 |
+----------------------------------------------------------+-------+


2. Histogram
------------

+--------+--------------+
| Fanout | Control Sets |
+--------+--------------+
|      6 |            1 |
|      8 |            1 |
|    16+ |            1 |
+--------+--------------+


3. Flip-Flop Distribution
-------------------------

+--------------+-----------------------+------------------------+-----------------+--------------+
| Clock Enable | Synchronous Set/Reset | Asynchronous Set/Reset | Total Registers | Total Slices |
+--------------+-----------------------+------------------------+-----------------+--------------+
| No           | No                    | No                     |              56 |           20 |
| No           | No                    | Yes                    |               0 |            0 |
| No           | Yes                   | No                     |               8 |            2 |
| Yes          | No                    | No                     |               6 |            2 |
| Yes          | No                    | Yes                    |               0 |            0 |
| Yes          | Yes                   | No                     |               0 |            0 |
+--------------+-----------------------+------------------------+-----------------+--------------+


4. Detailed Control Set Information
-----------------------------------

+----------------------+------------------------------+------------------+------------------+----------------+
|     Clock Signal     |         Enable Signal        | Set/Reset Signal | Slice Load Count | Bel Load Count |
+----------------------+------------------------------+------------------+------------------+----------------+
|  CLK100MHZ_IBUF_BUFG | clkCounter_instance/moveBall |                  |                2 |              6 |
|  CLK100MHZ_IBUF_BUFG |                              | AN[7]_i_1_n_0    |                2 |              8 |
|  CLK100MHZ_IBUF_BUFG |                              |                  |               20 |             59 |
+----------------------+------------------------------+------------------+------------------+----------------+


