Copyright 1986-2018 Xilinx, Inc. All Rights Reserved.
-------------------------------------------------------------------------------------
| Tool Version : Vivado v.2018.3 (win64) Build 2405991 Thu Dec  6 23:38:27 MST 2018
| Date         : Thu Apr  4 13:03:14 2019
| Host         : Alex-XPS running 64-bit major release  (build 9200)
| Command      : report_control_sets -verbose -file BallMaze_control_sets_placed.rpt
| Design       : BallMaze
| Device       : xc7a100t
-------------------------------------------------------------------------------------

Control Set Information

Table of Contents
-----------------
1. Summary
2. Histogram
3. Flip-Flop Distribution
4. Detailed Control Set Information

1. Summary
----------

+----------------------------------------------------------+-------+
|                          Status                          | Count |
+----------------------------------------------------------+-------+
| Number of unique control sets                            |    12 |
| Unused register locations in slices containing registers |    34 |
+----------------------------------------------------------+-------+


2. Histogram
------------

+--------+--------------+
| Fanout | Control Sets |
+--------+--------------+
|      4 |            4 |
|      5 |            1 |
|      7 |            1 |
|     11 |            2 |
|     15 |            1 |
|    16+ |            3 |
+--------+--------------+


3. Flip-Flop Distribution
-------------------------

+--------------+-----------------------+------------------------+-----------------+--------------+
| Clock Enable | Synchronous Set/Reset | Asynchronous Set/Reset | Total Registers | Total Slices |
+--------------+-----------------------+------------------------+-----------------+--------------+
| No           | No                    | No                     |             150 |           53 |
| No           | No                    | Yes                    |               0 |            0 |
| No           | Yes                   | No                     |              50 |           19 |
| Yes          | No                    | No                     |              51 |           18 |
| Yes          | No                    | Yes                    |               0 |            0 |
| Yes          | Yes                   | No                     |              19 |            6 |
+--------------+-----------------------+------------------------+-----------------+--------------+


4. Detailed Control Set Information
-----------------------------------

+-----------------------------+----------------------------------+-------------------------------------+------------------+----------------+
|         Clock Signal        |           Enable Signal          |           Set/Reset Signal          | Slice Load Count | Bel Load Count |
+-----------------------------+----------------------------------+-------------------------------------+------------------+----------------+
|  videoClk108MHz_0/clk108MHz | videoColumn_stg1[10]_i_1_n_0     |                                     |                1 |              4 |
|  videoClk108MHz_0/clk108MHz | ballMotion0/ballRowTick/E[0]     | CPU_RESETN_instance/resetPressed    |                1 |              4 |
|  videoClk108MHz_0/clk108MHz | ballMotion0/xVelocity[3]_i_1_n_0 | CPU_RESETN_instance/resetPressed    |                2 |              4 |
|  videoClk108MHz_0/clk108MHz | ballMotion0/yVelocity[3]_i_1_n_0 | CPU_RESETN_instance/resetPressed    |                1 |              4 |
|  videoClk108MHz_0/clk108MHz |                                  | videoPixelRGB_stg5                  |                3 |              5 |
|  videoClk108MHz_0/clk108MHz | videoColumn_stg1[10]_i_1_n_0     | videoRow_stg1                       |                2 |              7 |
|  videoClk108MHz_0/clk108MHz |                                  | videoColumn_stg1[10]_i_1_n_0        |                5 |             11 |
|  videoClk108MHz_0/clk108MHz |                                  | VGA_G[2]_i_1_n_0                    |                5 |             11 |
|  videoClk108MHz_0/clk108MHz | CPU_RESETN_instance/yCoord       |                                     |                8 |             15 |
|  videoClk108MHz_0/clk108MHz |                                  | ballMotion0/ballRowTick/q_reg[23]_0 |                6 |             23 |
|  videoClk108MHz_0/clk108MHz | VGA_VS_OBUF                      |                                     |                9 |             32 |
|  videoClk108MHz_0/clk108MHz |                                  |                                     |               53 |            161 |
+-----------------------------+----------------------------------+-------------------------------------+------------------+----------------+


