Copyright 1986-2018 Xilinx, Inc. All Rights Reserved.
-------------------------------------------------------------------------------------
| Tool Version : Vivado v.2018.3 (win64) Build 2405991 Thu Dec  6 23:38:27 MST 2018
| Date         : Thu Apr 18 13:48:43 2019
| Host         : Alex-XPS running 64-bit major release  (build 9200)
| Command      : report_control_sets -verbose -file BallMaze_control_sets_placed.rpt
| Design       : BallMaze
| Device       : xc7a100t
-------------------------------------------------------------------------------------

Control Set Information

Table of Contents
-----------------
1. Summary
2. Histogram
3. Flip-Flop Distribution
4. Detailed Control Set Information

1. Summary
----------

+----------------------------------------------------------+-------+
|                          Status                          | Count |
+----------------------------------------------------------+-------+
| Number of unique control sets                            |    14 |
| Unused register locations in slices containing registers |    42 |
+----------------------------------------------------------+-------+


2. Histogram
------------

+--------+--------------+
| Fanout | Control Sets |
+--------+--------------+
|      3 |            1 |
|      4 |            3 |
|      5 |            2 |
|      6 |            1 |
|      8 |            2 |
|     11 |            1 |
|     12 |            1 |
|    16+ |            3 |
+--------+--------------+


3. Flip-Flop Distribution
-------------------------

+--------------+-----------------------+------------------------+-----------------+--------------+
| Clock Enable | Synchronous Set/Reset | Asynchronous Set/Reset | Total Registers | Total Slices |
+--------------+-----------------------+------------------------+-----------------+--------------+
| No           | No                    | No                     |             161 |           56 |
| No           | No                    | Yes                    |               0 |            0 |
| No           | Yes                   | No                     |              51 |           16 |
| Yes          | No                    | No                     |              57 |           16 |
| Yes          | No                    | Yes                    |               0 |            0 |
| Yes          | Yes                   | No                     |              17 |           10 |
+--------------+-----------------------+------------------------+-----------------+--------------+


4. Detailed Control Set Information
-----------------------------------

+-----------------------------+--------------------------------------------+----------------------------------------------+------------------+----------------+
|         Clock Signal        |                Enable Signal               |               Set/Reset Signal               | Slice Load Count | Bel Load Count |
+-----------------------------+--------------------------------------------+----------------------------------------------+------------------+----------------+
|  videoClk108MHz_0/clk108MHz | wallLeftOfball_reg_i_1_n_0                 |                                              |                2 |              3 |
|  videoClk108MHz_0/clk108MHz | ballMotion0/ballTick/maxTick               | ballMotion0/ballTick/yAccelPos_stg2_reg_0[0] |                3 |              4 |
|  videoClk108MHz_0/clk108MHz | ballMotion0/ballTick/maxTick               | ballMotion0/ballTick/SR[0]                   |                3 |              4 |
|  videoClk108MHz_0/clk108MHz | ballMotion0/ballTick/yAccelPositive_reg[0] | CPU_RESETN_instance/resetPressed             |                2 |              4 |
|  videoClk108MHz_0/clk108MHz |                                            | videoPixelRGB_stg5                           |                2 |              5 |
|  videoClk108MHz_0/clk108MHz | videoColumn_stg1[10]_i_1_n_0               | videoRow_stg1                                |                2 |              5 |
|  videoClk108MHz_0/clk108MHz | videoColumn_stg1[10]_i_1_n_0               |                                              |                2 |              6 |
|  videoClk108MHz_0/clk108MHz | ballMotion0/ballTick/q_reg[0]_0[0]         |                                              |                2 |              8 |
|  videoClk108MHz_0/clk108MHz | ballMotion0/ballTick/E[0]                  |                                              |                3 |              8 |
|  videoClk108MHz_0/clk108MHz |                                            | videoColumn_stg1[10]_i_1_n_0                 |                4 |             11 |
|  videoClk108MHz_0/clk108MHz |                                            | VGA_R[3]_i_1_n_0                             |                4 |             12 |
|  videoClk108MHz_0/clk108MHz |                                            | ballMotion0/ballTick/maxTick                 |                6 |             23 |
|  videoClk108MHz_0/clk108MHz | VGA_VS_OBUF                                |                                              |                7 |             32 |
|  videoClk108MHz_0/clk108MHz |                                            |                                              |               56 |            172 |
+-----------------------------+--------------------------------------------+----------------------------------------------+------------------+----------------+


